This is pdfTeX, Version 3.141592653-2.6-1.40.26 (TeX Live 2025/dev/Debian) (preloaded format=pdflatex 2026.2.6)  28 APR 2026 00:15
entering extended mode
 restricted \write18 enabled.
 %&-line parsing enabled.
**main.tex
(./main.tex
LaTeX2e <2024-11-01> patch level 2
L3 programming layer <2025-01-18>
(./llncs.cls
Document Class: llncs 2024/01/29 v2.24 
 LaTeX document class for Lecture Notes in Computer Science
(/usr/share/texlive/texmf-dist/tex/latex/base/article.cls
Document Class: article 2024/06/29 v1.4n Standard LaTeX document class
(/usr/share/texlive/texmf-dist/tex/latex/base/size10.clo
File: size10.clo 2024/06/29 v1.4n Standard LaTeX file (size option)
)
\c@part=\count196
\c@section=\count197
\c@subsection=\count198
\c@subsubsection=\count199
\c@paragraph=\count266
\c@subparagraph=\count267
\c@figure=\count268
\c@table=\count269
\abovecaptionskip=\skip49
\belowcaptionskip=\skip50
\bibindent=\dimen141
) (/usr/share/texlive/texmf-dist/tex/latex/tools/multicol.sty
Package: multicol 2024/09/14 v1.9i multicolumn formatting (FMi)
\c@tracingmulticols=\count270
\mult@box=\box52
\multicol@leftmargin=\dimen142
\c@unbalance=\count271
\c@collectmore=\count272
\doublecol@number=\count273
\multicoltolerance=\count274
\multicolpretolerance=\count275
\full@width=\dimen143
\page@free=\dimen144
\premulticols=\dimen145
\postmulticols=\dimen146
\multicolsep=\skip51
\multicolbaselineskip=\skip52
\partial@page=\box53
\last@line=\box54
\mc@boxedresult=\box55
\maxbalancingoverflow=\dimen147
\mult@rightbox=\box56
\mult@grightbox=\box57
\mult@firstbox=\box58
\mult@gfirstbox=\box59
\@tempa=\box60
\@tempa=\box61
\@tempa=\box62
\@tempa=\box63
\@tempa=\box64
\@tempa=\box65
\@tempa=\box66
\@tempa=\box67
\@tempa=\box68
\@tempa=\box69
\@tempa=\box70
\@tempa=\box71
\@tempa=\box72
\@tempa=\box73
\@tempa=\box74
\@tempa=\box75
\@tempa=\box76
\@tempa=\box77
\@tempa=\box78
\@tempa=\box79
\@tempa=\box80
\@tempa=\box81
\@tempa=\box82
\@tempa=\box83
\@tempa=\box84
\@tempa=\box85
\@tempa=\box86
\@tempa=\box87
\@tempa=\box88
\@tempa=\box89
\@tempa=\box90
\@tempa=\box91
\@tempa=\box92
\@tempa=\box93
\@tempa=\box94
\@tempa=\box95
\c@minrows=\count276
\c@columnbadness=\count277
\c@finalcolumnbadness=\count278
\last@try=\dimen148
\multicolovershoot=\dimen149
\multicolundershoot=\dimen150
\mult@nat@firstbox=\box96
\colbreak@box=\box97
\mc@col@check@num=\count279
) (/usr/share/texlive/texmf-dist/tex/latex/oberdiek/aliascnt.sty
Package: aliascnt 2018/09/07 v1.5 Alias counters (HO)
)
\c@chapter=\count280
LaTeX Font Info:    Redeclaring math symbol \Gamma on input line 379.
LaTeX Font Info:    Redeclaring math symbol \Delta on input line 380.
LaTeX Font Info:    Redeclaring math symbol \Theta on input line 381.
LaTeX Font Info:    Redeclaring math symbol \Lambda on input line 382.
LaTeX Font Info:    Redeclaring math symbol \Xi on input line 383.
LaTeX Font Info:    Redeclaring math symbol \Pi on input line 384.
LaTeX Font Info:    Redeclaring math symbol \Sigma on input line 385.
LaTeX Font Info:    Redeclaring math symbol \Upsilon on input line 386.
LaTeX Font Info:    Redeclaring math symbol \Phi on input line 387.
LaTeX Font Info:    Redeclaring math symbol \Psi on input line 388.
LaTeX Font Info:    Redeclaring math symbol \Omega on input line 389.
LaTeX Info: Redefining \vec on input line 394.
\tocchpnum=\dimen151
\tocsecnum=\dimen152
\tocsectotal=\dimen153
\tocsubsecnum=\dimen154
\tocsubsectotal=\dimen155
\tocsubsubsecnum=\dimen156
\tocsubsubsectotal=\dimen157
\tocparanum=\dimen158
\tocparatotal=\dimen159
\tocsubparanum=\dimen160
\@tempcntc=\count281
\fnindent=\dimen161
\c@@inst=\count282
\c@@auth=\count283
\c@auco=\count284
\instindent=\dimen162
\authrun=\box98
\authorrunning=\toks17
\tocauthor=\toks18
\titrun=\box99
\titlerunning=\toks19
\toctitle=\toks20
\c@theorem=\count285
\c@case=\count286
\c@conjecture=\count287
\c@corollary=\count288
\c@definition=\count289
\c@example=\count290
\c@exercise=\count291
\c@lemma=\count292
\c@note=\count293
\c@problem=\count294
\c@property=\count295
\c@proposition=\count296
\c@question=\count297
\c@solution=\count298
\c@remark=\count299
\headlineindent=\dimen163
) (/usr/share/texlive/texmf-dist/tex/latex/base/fontenc.sty
Package: fontenc 2021/04/29 v2.0v Standard LaTeX package
) (/usr/share/texlive/texmf-dist/tex/latex/graphics/graphicx.sty
Package: graphicx 2021/09/16 v1.2d Enhanced LaTeX Graphics (DPC,SPQR)
(/usr/share/texlive/texmf-dist/tex/latex/graphics/keyval.sty
Package: keyval 2022/05/29 v1.15 key=value parser (DPC)
\KV@toks@=\toks21
) (/usr/share/texlive/texmf-dist/tex/latex/graphics/graphics.sty
Package: graphics 2024/08/06 v1.4g Standard LaTeX Graphics (DPC,SPQR)
(/usr/share/texlive/texmf-dist/tex/latex/graphics/trig.sty
Package: trig 2023/12/02 v1.11 sin cos tan (DPC)
) (/usr/share/texlive/texmf-dist/tex/latex/graphics-cfg/graphics.cfg
File: graphics.cfg 2016/06/04 v1.11 sample graphics configuration
)
Package graphics Info: Driver file: pdftex.def on input line 106.
(/usr/share/texlive/texmf-dist/tex/latex/graphics-def/pdftex.def
File: pdftex.def 2024/04/13 v1.2c Graphics/color driver for pdftex
))
\Gin@req@height=\dimen164
\Gin@req@width=\dimen165
) (/usr/share/texlive/texmf-dist/tex/latex/amsmath/amsmath.sty
Package: amsmath 2024/11/05 v2.17t AMS math features
\@mathmargin=\skip53
For additional information on amsmath, use the `?' option.
(/usr/share/texlive/texmf-dist/tex/latex/amsmath/amstext.sty
Package: amstext 2021/08/26 v2.01 AMS text
(/usr/share/texlive/texmf-dist/tex/latex/amsmath/amsgen.sty
File: amsgen.sty 1999/11/30 v2.0 generic functions
\@emptytoks=\toks22
\ex@=\dimen166
)) (/usr/share/texlive/texmf-dist/tex/latex/amsmath/amsbsy.sty
Package: amsbsy 1999/11/29 v1.2d Bold Symbols
\pmbraise@=\dimen167
) (/usr/share/texlive/texmf-dist/tex/latex/amsmath/amsopn.sty
Package: amsopn 2022/04/08 v2.04 operator names
)
\inf@bad=\count300
LaTeX Info: Redefining \frac on input line 233.
\uproot@=\count301
\leftroot@=\count302
LaTeX Info: Redefining \overline on input line 398.
LaTeX Info: Redefining \colon on input line 409.
\classnum@=\count303
\DOTSCASE@=\count304
LaTeX Info: Redefining \ldots on input line 495.
LaTeX Info: Redefining \dots on input line 498.
LaTeX Info: Redefining \cdots on input line 619.
\Mathstrutbox@=\box100
\strutbox@=\box101
LaTeX Info: Redefining \big on input line 721.
LaTeX Info: Redefining \Big on input line 722.
LaTeX Info: Redefining \bigg on input line 723.
LaTeX Info: Redefining \Bigg on input line 724.
\big@size=\dimen168
LaTeX Font Info:    Redeclaring font encoding OML on input line 742.
LaTeX Font Info:    Redeclaring font encoding OMS on input line 743.

Package amsmath Warning: Unable to redefine math accent \vec.

\macc@depth=\count305
LaTeX Info: Redefining \bmod on input line 904.
LaTeX Info: Redefining \pmod on input line 909.
LaTeX Info: Redefining \smash on input line 939.
LaTeX Info: Redefining \relbar on input line 969.
LaTeX Info: Redefining \Relbar on input line 970.
\c@MaxMatrixCols=\count306
\dotsspace@=\muskip17
\c@parentequation=\count307
\dspbrk@lvl=\count308
\tag@help=\toks23
\row@=\count309
\column@=\count310
\maxfields@=\count311
\andhelp@=\toks24
\eqnshift@=\dimen169
\alignsep@=\dimen170
\tagshift@=\dimen171
\tagwidth@=\dimen172
\totwidth@=\dimen173
\lineht@=\dimen174
\@envbody=\toks25
\multlinegap=\skip54
\multlinetaggap=\skip55
\mathdisplay@stack=\toks26
LaTeX Info: Redefining \[ on input line 2953.
LaTeX Info: Redefining \] on input line 2954.
) (/usr/share/texlive/texmf-dist/tex/latex/booktabs/booktabs.sty
Package: booktabs 2020/01/12 v1.61803398 Publication quality tables
\heavyrulewidth=\dimen175
\lightrulewidth=\dimen176
\cmidrulewidth=\dimen177
\belowrulesep=\dimen178
\belowbottomsep=\dimen179
\aboverulesep=\dimen180
\abovetopsep=\dimen181
\cmidrulesep=\dimen182
\cmidrulekern=\dimen183
\defaultaddspace=\dimen184
\@cmidla=\count312
\@cmidlb=\count313
\@aboverulesep=\dimen185
\@belowrulesep=\dimen186
\@thisruleclass=\count314
\@lastruleclass=\count315
\@thisrulewidth=\dimen187
) (/usr/share/texlive/texmf-dist/tex/latex/tools/tabularx.sty
Package: tabularx 2023/12/11 v2.12a `tabularx' package (DPC)
(/usr/share/texlive/texmf-dist/tex/latex/tools/array.sty
Package: array 2024/10/17 v2.6g Tabular extension package (FMi)
\col@sep=\dimen188
\ar@mcellbox=\box102
\extrarowheight=\dimen189
\NC@list=\toks27
\extratabsurround=\skip56
\backup@length=\skip57
\ar@cellbox=\box103
)
\TX@col@width=\dimen190
\TX@old@table=\dimen191
\TX@old@col=\dimen192
\TX@target=\dimen193
\TX@delta=\dimen194
\TX@cols=\count316
\TX@ftn=\toks28
) (/usr/share/texlive/texmf-dist/tex/latex/xcolor/xcolor.sty
Package: xcolor 2024/09/29 v3.02 LaTeX color extensions (UK)
(/usr/share/texlive/texmf-dist/tex/latex/graphics-cfg/color.cfg
File: color.cfg 2016/01/02 v1.6 sample color configuration
)
Package xcolor Info: Driver file: pdftex.def on input line 274.
(/usr/share/texlive/texmf-dist/tex/latex/graphics/mathcolor.ltx)
Package xcolor Info: Model `cmy' substituted by `cmy0' on input line 1349.
Package xcolor Info: Model `hsb' substituted by `rgb' on input line 1353.
Package xcolor Info: Model `RGB' extended on input line 1365.
Package xcolor Info: Model `HTML' substituted by `rgb' on input line 1367.
Package xcolor Info: Model `Hsb' substituted by `hsb' on input line 1368.
Package xcolor Info: Model `tHsb' substituted by `hsb' on input line 1369.
Package xcolor Info: Model `HSB' substituted by `hsb' on input line 1370.
Package xcolor Info: Model `Gray' substituted by `gray' on input line 1371.
Package xcolor Info: Model `wave' substituted by `hsb' on input line 1372.
) (/usr/share/texlive/texmf-dist/tex/latex/pgf/frontendlayer/tikz.sty (/usr/sha
re/texlive/texmf-dist/tex/latex/pgf/basiclayer/pgf.sty (/usr/share/texlive/texm
f-dist/tex/latex/pgf/utilities/pgfrcs.sty (/usr/share/texlive/texmf-dist/tex/ge
neric/pgf/utilities/pgfutil-common.tex
\pgfutil@everybye=\toks29
\pgfutil@tempdima=\dimen195
\pgfutil@tempdimb=\dimen196
) (/usr/share/texlive/texmf-dist/tex/generic/pgf/utilities/pgfutil-latex.def
\pgfutil@abb=\box104
) (/usr/share/texlive/texmf-dist/tex/generic/pgf/utilities/pgfrcs.code.tex (/us
r/share/texlive/texmf-dist/tex/generic/pgf/pgf.revision.tex)
Package: pgfrcs 2023-01-15 v3.1.10 (3.1.10)
))
Package: pgf 2023-01-15 v3.1.10 (3.1.10)
(/usr/share/texlive/texmf-dist/tex/latex/pgf/basiclayer/pgfcore.sty (/usr/share
/texlive/texmf-dist/tex/latex/pgf/systemlayer/pgfsys.sty (/usr/share/texlive/te
xmf-dist/tex/generic/pgf/systemlayer/pgfsys.code.tex
Package: pgfsys 2023-01-15 v3.1.10 (3.1.10)
(/usr/share/texlive/texmf-dist/tex/generic/pgf/utilities/pgfkeys.code.tex
\pgfkeys@pathtoks=\toks30
\pgfkeys@temptoks=\toks31

(/usr/share/texlive/texmf-dist/tex/generic/pgf/utilities/pgfkeyslibraryfiltered
.code.tex
\pgfkeys@tmptoks=\toks32
))
\pgf@x=\dimen197
\pgf@y=\dimen198
\pgf@xa=\dimen199
\pgf@ya=\dimen256
\pgf@xb=\dimen257
\pgf@yb=\dimen258
\pgf@xc=\dimen259
\pgf@yc=\dimen260
\pgf@xd=\dimen261
\pgf@yd=\dimen262
\w@pgf@writea=\write3
\r@pgf@reada=\read2
\c@pgf@counta=\count317
\c@pgf@countb=\count318
\c@pgf@countc=\count319
\c@pgf@countd=\count320
\t@pgf@toka=\toks33
\t@pgf@tokb=\toks34
\t@pgf@tokc=\toks35
\pgf@sys@id@count=\count321
(/usr/share/texlive/texmf-dist/tex/generic/pgf/systemlayer/pgf.cfg
File: pgf.cfg 2023-01-15 v3.1.10 (3.1.10)
)
Driver file for pgf: pgfsys-pdftex.def
(/usr/share/texlive/texmf-dist/tex/generic/pgf/systemlayer/pgfsys-pdftex.def
File: pgfsys-pdftex.def 2023-01-15 v3.1.10 (3.1.10)

(/usr/share/texlive/texmf-dist/tex/generic/pgf/systemlayer/pgfsys-common-pdf.de
f
File: pgfsys-common-pdf.def 2023-01-15 v3.1.10 (3.1.10)
)))
(/usr/share/texlive/texmf-dist/tex/generic/pgf/systemlayer/pgfsyssoftpath.code.
tex
File: pgfsyssoftpath.code.tex 2023-01-15 v3.1.10 (3.1.10)
\pgfsyssoftpath@smallbuffer@items=\count322
\pgfsyssoftpath@bigbuffer@items=\count323
)
(/usr/share/texlive/texmf-dist/tex/generic/pgf/systemlayer/pgfsysprotocol.code.
tex
File: pgfsysprotocol.code.tex 2023-01-15 v3.1.10 (3.1.10)
)) (/usr/share/texlive/texmf-dist/tex/generic/pgf/basiclayer/pgfcore.code.tex
Package: pgfcore 2023-01-15 v3.1.10 (3.1.10)
(/usr/share/texlive/texmf-dist/tex/generic/pgf/math/pgfmath.code.tex (/usr/shar
e/texlive/texmf-dist/tex/generic/pgf/math/pgfmathutil.code.tex) (/usr/share/tex
live/texmf-dist/tex/generic/pgf/math/pgfmathparser.code.tex
\pgfmath@dimen=\dimen263
\pgfmath@count=\count324
\pgfmath@box=\box105
\pgfmath@toks=\toks36
\pgfmath@stack@operand=\toks37
\pgfmath@stack@operation=\toks38
) (/usr/share/texlive/texmf-dist/tex/generic/pgf/math/pgfmathfunctions.code.tex
)
(/usr/share/texlive/texmf-dist/tex/generic/pgf/math/pgfmathfunctions.basic.code
.tex)
(/usr/share/texlive/texmf-dist/tex/generic/pgf/math/pgfmathfunctions.trigonomet
ric.code.tex)
(/usr/share/texlive/texmf-dist/tex/generic/pgf/math/pgfmathfunctions.random.cod
e.tex)
(/usr/share/texlive/texmf-dist/tex/generic/pgf/math/pgfmathfunctions.comparison
.code.tex)
(/usr/share/texlive/texmf-dist/tex/generic/pgf/math/pgfmathfunctions.base.code.
tex)
(/usr/share/texlive/texmf-dist/tex/generic/pgf/math/pgfmathfunctions.round.code
.tex)
(/usr/share/texlive/texmf-dist/tex/generic/pgf/math/pgfmathfunctions.misc.code.
tex)
(/usr/share/texlive/texmf-dist/tex/generic/pgf/math/pgfmathfunctions.integerari
thmetics.code.tex) (/usr/share/texlive/texmf-dist/tex/generic/pgf/math/pgfmathc
alc.code.tex) (/usr/share/texlive/texmf-dist/tex/generic/pgf/math/pgfmathfloat.
code.tex
\c@pgfmathroundto@lastzeros=\count325
)) (/usr/share/texlive/texmf-dist/tex/generic/pgf/math/pgfint.code.tex)
(/usr/share/texlive/texmf-dist/tex/generic/pgf/basiclayer/pgfcorepoints.code.te
x
File: pgfcorepoints.code.tex 2023-01-15 v3.1.10 (3.1.10)
\pgf@picminx=\dimen264
\pgf@picmaxx=\dimen265
\pgf@picminy=\dimen266
\pgf@picmaxy=\dimen267
\pgf@pathminx=\dimen268
\pgf@pathmaxx=\dimen269
\pgf@pathminy=\dimen270
\pgf@pathmaxy=\dimen271
\pgf@xx=\dimen272
\pgf@xy=\dimen273
\pgf@yx=\dimen274
\pgf@yy=\dimen275
\pgf@zx=\dimen276
\pgf@zy=\dimen277
)
(/usr/share/texlive/texmf-dist/tex/generic/pgf/basiclayer/pgfcorepathconstruct.
code.tex
File: pgfcorepathconstruct.code.tex 2023-01-15 v3.1.10 (3.1.10)
\pgf@path@lastx=\dimen278
\pgf@path@lasty=\dimen279
)
(/usr/share/texlive/texmf-dist/tex/generic/pgf/basiclayer/pgfcorepathusage.code
.tex
File: pgfcorepathusage.code.tex 2023-01-15 v3.1.10 (3.1.10)
\pgf@shorten@end@additional=\dimen280
\pgf@shorten@start@additional=\dimen281
)
(/usr/share/texlive/texmf-dist/tex/generic/pgf/basiclayer/pgfcorescopes.code.te
x
File: pgfcorescopes.code.tex 2023-01-15 v3.1.10 (3.1.10)
\pgfpic=\box106
\pgf@hbox=\box107
\pgf@layerbox@main=\box108
\pgf@picture@serial@count=\count326
)
(/usr/share/texlive/texmf-dist/tex/generic/pgf/basiclayer/pgfcoregraphicstate.c
ode.tex
File: pgfcoregraphicstate.code.tex 2023-01-15 v3.1.10 (3.1.10)
\pgflinewidth=\dimen282
)
(/usr/share/texlive/texmf-dist/tex/generic/pgf/basiclayer/pgfcoretransformation
s.code.tex
File: pgfcoretransformations.code.tex 2023-01-15 v3.1.10 (3.1.10)
\pgf@pt@x=\dimen283
\pgf@pt@y=\dimen284
\pgf@pt@temp=\dimen285
)
(/usr/share/texlive/texmf-dist/tex/generic/pgf/basiclayer/pgfcorequick.code.tex
File: pgfcorequick.code.tex 2023-01-15 v3.1.10 (3.1.10)
)
(/usr/share/texlive/texmf-dist/tex/generic/pgf/basiclayer/pgfcoreobjects.code.t
ex
File: pgfcoreobjects.code.tex 2023-01-15 v3.1.10 (3.1.10)
)
(/usr/share/texlive/texmf-dist/tex/generic/pgf/basiclayer/pgfcorepathprocessing
.code.tex
File: pgfcorepathprocessing.code.tex 2023-01-15 v3.1.10 (3.1.10)
)
(/usr/share/texlive/texmf-dist/tex/generic/pgf/basiclayer/pgfcorearrows.code.te
x
File: pgfcorearrows.code.tex 2023-01-15 v3.1.10 (3.1.10)
\pgfarrowsep=\dimen286
)
(/usr/share/texlive/texmf-dist/tex/generic/pgf/basiclayer/pgfcoreshade.code.tex
File: pgfcoreshade.code.tex 2023-01-15 v3.1.10 (3.1.10)
\pgf@max=\dimen287
\pgf@sys@shading@range@num=\count327
\pgf@shadingcount=\count328
)
(/usr/share/texlive/texmf-dist/tex/generic/pgf/basiclayer/pgfcoreimage.code.tex
File: pgfcoreimage.code.tex 2023-01-15 v3.1.10 (3.1.10)
)
(/usr/share/texlive/texmf-dist/tex/generic/pgf/basiclayer/pgfcoreexternal.code.
tex
File: pgfcoreexternal.code.tex 2023-01-15 v3.1.10 (3.1.10)
\pgfexternal@startupbox=\box109
)
(/usr/share/texlive/texmf-dist/tex/generic/pgf/basiclayer/pgfcorelayers.code.te
x
File: pgfcorelayers.code.tex 2023-01-15 v3.1.10 (3.1.10)
)
(/usr/share/texlive/texmf-dist/tex/generic/pgf/basiclayer/pgfcoretransparency.c
ode.tex
File: pgfcoretransparency.code.tex 2023-01-15 v3.1.10 (3.1.10)
)
(/usr/share/texlive/texmf-dist/tex/generic/pgf/basiclayer/pgfcorepatterns.code.
tex
File: pgfcorepatterns.code.tex 2023-01-15 v3.1.10 (3.1.10)
) (/usr/share/texlive/texmf-dist/tex/generic/pgf/basiclayer/pgfcorerdf.code.tex
File: pgfcorerdf.code.tex 2023-01-15 v3.1.10 (3.1.10)
)))
(/usr/share/texlive/texmf-dist/tex/generic/pgf/modules/pgfmoduleshapes.code.tex
File: pgfmoduleshapes.code.tex 2023-01-15 v3.1.10 (3.1.10)
\pgfnodeparttextbox=\box110
) (/usr/share/texlive/texmf-dist/tex/generic/pgf/modules/pgfmoduleplot.code.tex
File: pgfmoduleplot.code.tex 2023-01-15 v3.1.10 (3.1.10)
)
(/usr/share/texlive/texmf-dist/tex/latex/pgf/compatibility/pgfcomp-version-0-65
.sty
Package: pgfcomp-version-0-65 2023-01-15 v3.1.10 (3.1.10)
\pgf@nodesepstart=\dimen288
\pgf@nodesepend=\dimen289
)
(/usr/share/texlive/texmf-dist/tex/latex/pgf/compatibility/pgfcomp-version-1-18
.sty
Package: pgfcomp-version-1-18 2023-01-15 v3.1.10 (3.1.10)
)) (/usr/share/texlive/texmf-dist/tex/latex/pgf/utilities/pgffor.sty (/usr/shar
e/texlive/texmf-dist/tex/latex/pgf/utilities/pgfkeys.sty (/usr/share/texlive/te
xmf-dist/tex/generic/pgf/utilities/pgfkeys.code.tex)) (/usr/share/texlive/texmf
-dist/tex/latex/pgf/math/pgfmath.sty (/usr/share/texlive/texmf-dist/tex/generic
/pgf/math/pgfmath.code.tex)) (/usr/share/texlive/texmf-dist/tex/generic/pgf/uti
lities/pgffor.code.tex
Package: pgffor 2023-01-15 v3.1.10 (3.1.10)
\pgffor@iter=\dimen290
\pgffor@skip=\dimen291
\pgffor@stack=\toks39
\pgffor@toks=\toks40
))
(/usr/share/texlive/texmf-dist/tex/generic/pgf/frontendlayer/tikz/tikz.code.tex
Package: tikz 2023-01-15 v3.1.10 (3.1.10)

(/usr/share/texlive/texmf-dist/tex/generic/pgf/libraries/pgflibraryplothandlers
.code.tex
File: pgflibraryplothandlers.code.tex 2023-01-15 v3.1.10 (3.1.10)
\pgf@plot@mark@count=\count329
\pgfplotmarksize=\dimen292
)
\tikz@lastx=\dimen293
\tikz@lasty=\dimen294
\tikz@lastxsaved=\dimen295
\tikz@lastysaved=\dimen296
\tikz@lastmovetox=\dimen297
\tikz@lastmovetoy=\dimen298
\tikzleveldistance=\dimen299
\tikzsiblingdistance=\dimen300
\tikz@figbox=\box111
\tikz@figbox@bg=\box112
\tikz@tempbox=\box113
\tikz@tempbox@bg=\box114
\tikztreelevel=\count330
\tikznumberofchildren=\count331
\tikznumberofcurrentchild=\count332
\tikz@fig@count=\count333

(/usr/share/texlive/texmf-dist/tex/generic/pgf/modules/pgfmodulematrix.code.tex
File: pgfmodulematrix.code.tex 2023-01-15 v3.1.10 (3.1.10)
\pgfmatrixcurrentrow=\count334
\pgfmatrixcurrentcolumn=\count335
\pgf@matrix@numberofcolumns=\count336
)
\tikz@expandcount=\count337

(/usr/share/texlive/texmf-dist/tex/generic/pgf/frontendlayer/tikz/libraries/tik
zlibrarytopaths.code.tex
File: tikzlibrarytopaths.code.tex 2023-01-15 v3.1.10 (3.1.10)
))) (/usr/share/texlive/texmf-dist/tex/latex/url/url.sty
\Urlmuskip=\muskip18
Package: url 2013/09/16  ver 3.4  Verb mode for urls, etc.
) (/usr/share/texlive/texmf-dist/tex/latex/listings/listings.sty
\lst@mode=\count338
\lst@gtempboxa=\box115
\lst@token=\toks41
\lst@length=\count339
\lst@currlwidth=\dimen301
\lst@column=\count340
\lst@pos=\count341
\lst@lostspace=\dimen302
\lst@width=\dimen303
\lst@newlines=\count342
\lst@lineno=\count343
\lst@maxwidth=\dimen304
(/usr/share/texlive/texmf-dist/tex/latex/listings/lstpatch.sty
File: lstpatch.sty 2024/09/23 1.10c (Carsten Heinz)
) (/usr/share/texlive/texmf-dist/tex/latex/listings/lstmisc.sty
File: lstmisc.sty 2024/09/23 1.10c (Carsten Heinz)
\c@lstnumber=\count344
\lst@skipnumbers=\count345
\lst@framebox=\box116
) (/usr/share/texlive/texmf-dist/tex/latex/listings/listings.cfg
File: listings.cfg 2024/09/23 1.10c listings configuration
))
Package: listings 2024/09/23 1.10c (Carsten Heinz)
(/usr/share/texlive/texmf-dist/tex/latex/float/float.sty
Package: float 2001/11/08 v1.3d Float enhancements (AL)
\c@float@type=\count346
\float@exts=\toks42
\float@box=\box117
\@float@everytoks=\toks43
\@floatcapt=\box118
)
(/usr/share/texlive/texmf-dist/tex/generic/pgf/libraries/pgflibraryarrows.meta.
code.tex
File: pgflibraryarrows.meta.code.tex 2023-01-15 v3.1.10 (3.1.10)
\pgfarrowinset=\dimen305
\pgfarrowlength=\dimen306
\pgfarrowwidth=\dimen307
\pgfarrowlinewidth=\dimen308
)
(/usr/share/texlive/texmf-dist/tex/generic/pgf/frontendlayer/tikz/libraries/tik
zlibrarypositioning.code.tex
File: tikzlibrarypositioning.code.tex 2023-01-15 v3.1.10 (3.1.10)
)
(/usr/share/texlive/texmf-dist/tex/generic/pgf/frontendlayer/tikz/libraries/tik
zlibrarycalc.code.tex
File: tikzlibrarycalc.code.tex 2023-01-15 v3.1.10 (3.1.10)
)
(/usr/share/texlive/texmf-dist/tex/generic/pgf/frontendlayer/tikz/libraries/tik
zlibraryshapes.geometric.code.tex
File: tikzlibraryshapes.geometric.code.tex 2023-01-15 v3.1.10 (3.1.10)

(/usr/share/texlive/texmf-dist/tex/generic/pgf/libraries/shapes/pgflibraryshape
s.geometric.code.tex
File: pgflibraryshapes.geometric.code.tex 2023-01-15 v3.1.10 (3.1.10)
)) (/usr/share/texlive/texmf-dist/tex/latex/l3backend/l3backend-pdftex.def
File: l3backend-pdftex.def 2024-05-08 L3 backend support: PDF output (pdfTeX)
\l__color_backend_stack_int=\count347
\l__pdf_internal_box=\box119
)
No file main.aux.
\openout1 = `main.aux'.

LaTeX Font Info:    Checking defaults for OML/cmm/m/it on input line 26.
LaTeX Font Info:    ... okay on input line 26.
LaTeX Font Info:    Checking defaults for OMS/cmsy/m/n on input line 26.
LaTeX Font Info:    ... okay on input line 26.
LaTeX Font Info:    Checking defaults for OT1/cmr/m/n on input line 26.
LaTeX Font Info:    ... okay on input line 26.
LaTeX Font Info:    Checking defaults for T1/cmr/m/n on input line 26.
LaTeX Font Info:    ... okay on input line 26.
LaTeX Font Info:    Checking defaults for TS1/cmr/m/n on input line 26.
LaTeX Font Info:    ... okay on input line 26.
LaTeX Font Info:    Checking defaults for OMX/cmex/m/n on input line 26.
LaTeX Font Info:    ... okay on input line 26.
LaTeX Font Info:    Checking defaults for U/cmr/m/n on input line 26.
LaTeX Font Info:    ... okay on input line 26.
(/usr/share/texlive/texmf-dist/tex/context/base/mkii/supp-pdf.mkii
[Loading MPS to PDF converter (version 2006.09.02).]
\scratchcounter=\count348
\scratchdimen=\dimen309
\scratchbox=\box120
\nofMPsegments=\count349
\nofMParguments=\count350
\everyMPshowfont=\toks44
\MPscratchCnt=\count351
\MPscratchDim=\dimen310
\MPnumerator=\count352
\makeMPintoPDFobject=\count353
\everyMPtoPDFconversion=\toks45
) (/usr/share/texlive/texmf-dist/tex/latex/epstopdf-pkg/epstopdf-base.sty
Package: epstopdf-base 2020-01-24 v2.11 Base part for package epstopdf
Package epstopdf-base Info: Redefining graphics rule for `.eps' on input line 4
85.
(/usr/share/texlive/texmf-dist/tex/latex/latexconfig/epstopdf-sys.cfg
File: epstopdf-sys.cfg 2010/07/13 v1.3 Configuration of (r)epstopdf for TeX Liv
e
))
\c@lstlisting=\count354


[1

{/var/lib/texmf/fonts/map/pdftex/updmap/pdftex.map}{/usr/share/texmf/fonts/enc/
dvips/cm-super/cm-super-t1.enc}{/usr/share/texmf/fonts/enc/dvips/cm-super/cm-su
per-ts1.enc}]

LaTeX Warning: Citation `khronos_openxr_1_0' on page 2 undefined on input line 
43.


LaTeX Warning: Citation `openxr_ext_hand' on page 2 undefined on input line 43.



LaTeX Warning: Citation `taylor2001vrpn' on page 2 undefined on input line 43.


LaTeX Warning: Citation `reitmayr2001openarchitecture' on page 2 undefined on i
nput line 43.


LaTeX Warning: Citation `newman2004ubiquitous' on page 2 undefined on input lin
e 43.


Overfull \hbox (8.93256pt too wide) in paragraph at lines 50--51
\T1/cmr/m/n/10 SDK-specific out-puts into the shared con-tract. The pro-to-type
 in-cludes adapters
 []


LaTeX Warning: Citation `taylor2001vrpn' on page 2 undefined on input line 56.


LaTeX Warning: Citation `reitmayr2001openarchitecture' on page 2 undefined on i
nput line 56.


LaTeX Warning: Citation `newman2004ubiquitous' on page 2 undefined on input lin
e 56.



[2]

LaTeX Warning: Citation `khronos_openxr_1_0' on page 3 undefined on input line 
59.


LaTeX Warning: Citation `openxr_ext_hand' on page 3 undefined on input line 59.



LaTeX Warning: Citation `jiang2022avatarposer' on page 3 undefined on input lin
e 60.


LaTeX Warning: Citation `dai2024hmd' on page 3 undefined on input line 60.


LaTeX Warning: Citation `xu2024mobileposer' on page 3 undefined on input line 6
0.


LaTeX Warning: Citation `yang2024divatrack' on page 3 undefined on input line 6
0.


LaTeX Warning: Citation `starke2024categorical' on page 3 undefined on input li
ne 60.


LaTeX Warning: Citation `yun2023animationfidelity' on page 3 undefined on input
 line 60.


LaTeX Warning: Citation `cheymol2023beyond' on page 3 undefined on input line 6
0.


LaTeX Warning: Citation `weidner2023avatarsagents' on page 3 undefined on input
 line 60.


LaTeX Warning: Citation `ponton2022avatargo' on page 3 undefined on input line 
60.


LaTeX Warning: Citation `gao2025xrgo' on page 3 undefined on input line 60.


Overfull \hbox (10.16183pt too wide) in paragraph at lines 63--64
\T1/cmr/m/n/10 UnifiedXRMotion rep-re-sents skele-tal mo-tion through a \T1/cmr
/m/it/10 schema \T1/cmr/m/n/10 rather than through
 []



[3]
<figures/fig2-kinematicbuffer.pdf, id=29, 952.55875pt x 512.91624pt>
File: figures/fig2-kinematicbuffer.pdf Graphic file (type pdf)
<use figures/fig2-kinematicbuffer.pdf>
Package pdftex.def Info: figures/fig2-kinematicbuffer.pdf  used on input line 1
01.
(pdftex.def)             Requested size: 347.12354pt x 186.91154pt.

LaTeX Warning: Reference `tab:contract' on page 4 undefined on input line 106.


Underfull \vbox (badness 10000) has occurred while \output is active []



[4]

Package tabularx Warning: X Columns too narrow (table too wide)
(tabularx)                 on input line 187.


Overfull \hbox (10.21278pt too wide) in paragraph at lines 187--187
[]|\T1/cmr/m/n/7 Valid 
 []


Overfull \hbox (8.83118pt too wide) in paragraph at lines 187--187
\T1/cmr/m/n/7 com- 
 []


Overfull \hbox (3.33946pt too wide) in paragraph at lines 187--187
\T1/cmr/m/n/7 po- 
 []


Overfull \hbox (10.49188pt too wide) in paragraph at lines 187--187
\T1/cmr/m/n/7 nents 
 []


Overfull \hbox (5.81802pt too wide) in paragraph at lines 187--187
\T1/cmr/m/n/7 lim- 
 []


Overfull \hbox (1.83289pt too wide) in paragraph at lines 187--187
\T1/cmr/m/n/7 ta- 
 []


Overfull \hbox (5.81802pt too wide) in paragraph at lines 187--187
\T1/cmr/m/n/7 tion|  
 []


Overfull \hbox (20.39224pt too wide) in paragraph at lines 187--187
[]|\T1/cmr/m/n/7 Position 
 []


Overfull \hbox (4.84604pt too wide) in paragraph at lines 187--187
\T1/cmr/m/n/7 and 
 []


Overfull \hbox (1.83289pt too wide) in paragraph at lines 187--187
\T1/cmr/m/n/7 ro- 
 []


Overfull \hbox (1.83289pt too wide) in paragraph at lines 187--187
\T1/cmr/m/n/7 ta- 
 []


Overfull \hbox (5.81802pt too wide) in paragraph at lines 187--187
\T1/cmr/m/n/7 tion 
 []


Overfull \hbox (8.72704pt too wide) in paragraph at lines 187--187
\T1/cmr/m/n/7 valid 
 []


Overfull \hbox (12.38586pt too wide) in paragraph at lines 187--187
\T1/cmr/m/n/7 where 
 []


Overfull \hbox (6.24847pt too wide) in paragraph at lines 187--187
\T1/cmr/m/n/7 pro- 
 []


Overfull \hbox (10.87929pt too wide) in paragraph at lines 187--187
\T1/cmr/m/n/7 vided 
 []


Overfull \hbox (11.71936pt too wide) in paragraph at lines 187--187
\T1/cmr/m/n/7 Unity 
 []


Overfull \hbox (3.7352pt too wide) in paragraph at lines 187--187
\T1/cmr/m/n/7 XR 
 []


Overfull \hbox (16.178pt too wide) in paragraph at lines 187--187
\T1/cmr/m/n/7 Hands.|  
 []


Overfull \hbox (20.39224pt too wide) in paragraph at lines 187--187
[]|\T1/cmr/m/n/7 Position 
 []


Overfull \hbox (4.84604pt too wide) in paragraph at lines 187--187
\T1/cmr/m/n/7 and 
 []


Overfull \hbox (1.83289pt too wide) in paragraph at lines 187--187
\T1/cmr/m/n/7 ro- 
 []


Overfull \hbox (1.83289pt too wide) in paragraph at lines 187--187
\T1/cmr/m/n/7 ta- 
 []


Overfull \hbox (5.81802pt too wide) in paragraph at lines 187--187
\T1/cmr/m/n/7 tion 
 []


Overfull \hbox (8.72704pt too wide) in paragraph at lines 187--187
\T1/cmr/m/n/7 valid 
 []


Overfull \hbox (1.18721pt too wide) in paragraph at lines 187--187
\T1/cmr/m/n/7 af- 
 []


Overfull \hbox (1.83289pt too wide) in paragraph at lines 187--187
\T1/cmr/m/n/7 ter 
 []


Overfull \hbox (6.67892pt too wide) in paragraph at lines 187--187
\T1/cmr/m/n/7 con- 
 []


Overfull \hbox (5.38757pt too wide) in paragraph at lines 187--187
\T1/cmr/m/n/7 ver- 
 []


Overfull \hbox (8.1244pt too wide) in paragraph at lines 187--187
\T1/cmr/m/n/7 sion; 
 []


Overfull \hbox (1.40244pt too wide) in paragraph at lines 187--187
\T1/cmr/m/n/7 re- 
 []


Overfull \hbox (12.42891pt too wide) in paragraph at lines 187--187
\T1/cmr/m/n/7 mains 
 []


Overfull \hbox (11.27502pt too wide) in paragraph at lines 187--187
\T1/cmr/m/n/7 SDK- 
 []


Overfull \hbox (17.28189pt too wide) in paragraph at lines 187--187
\T1/cmr/m/n/7 specific 
 []


Overfull \hbox (11.95541pt too wide) in paragraph at lines 187--187
\T1/cmr/m/n/7 wrap- 
 []


Overfull \hbox (3.33946pt too wide) in paragraph at lines 187--187
\T1/cmr/m/n/7 per 
 []


Overfull \hbox (10.3447pt too wide) in paragraph at lines 187--187
\T1/cmr/m/n/7 logic.|  
 []


Overfull \hbox (22.71667pt too wide) in paragraph at lines 187--187
[]|\T1/cmr/m/n/7 Rotation 
 []


Overfull \hbox (3.12424pt too wide) in paragraph at lines 187--187
\T1/cmr/m/n/7 na- 
 []


Overfull \hbox (7.22046pt too wide) in paragraph at lines 187--187
\T1/cmr/m/n/7 tive; 
 []


Overfull \hbox (3.33946pt too wide) in paragraph at lines 187--187
\T1/cmr/m/n/7 po- 
 []


Overfull \hbox (8.9853pt too wide) in paragraph at lines 187--187
\T1/cmr/m/n/7 tions 
 []


Overfull \hbox (2.69379pt too wide) in paragraph at lines 187--187
\T1/cmr/m/n/7 are 
 []


Overfull \hbox (1.40244pt too wide) in paragraph at lines 187--187
\T1/cmr/m/n/7 re- 
 []


Overfull \hbox (6.67892pt too wide) in paragraph at lines 187--187
\T1/cmr/m/n/7 con- 
 []


Overfull \hbox (20.51027pt too wide) in paragraph at lines 187--187
\T1/cmr/m/n/7 structed 
 []


Overfull \hbox (4.31145pt too wide) in paragraph at lines 187--187
\T1/cmr/m/n/7 for- 
 []


Overfull \hbox (9.0464pt too wide) in paragraph at lines 187--187
\T1/cmr/m/n/7 ward 
 []


Overfull \hbox (9.15749pt too wide) in paragraph at lines 187--187
\T1/cmr/m/n/7 kine- 
 []


Overfull \hbox (8.40073pt too wide) in paragraph at lines 187--187
\T1/cmr/m/n/7 mat- 
 []


Overfull \hbox (3.27837pt too wide) in paragraph at lines 187--187
\T1/cmr/m/n/7 ics.|  
 []


Overfull \hbox (20.39224pt too wide) in paragraph at lines 187--187
[]|\T1/cmr/m/n/7 Position 
 []


Overfull \hbox (4.84604pt too wide) in paragraph at lines 187--187
\T1/cmr/m/n/7 and 
 []


Overfull \hbox (1.83289pt too wide) in paragraph at lines 187--187
\T1/cmr/m/n/7 ro- 
 []


Overfull \hbox (1.83289pt too wide) in paragraph at lines 187--187
\T1/cmr/m/n/7 ta- 
 []


Overfull \hbox (5.81802pt too wide) in paragraph at lines 187--187
\T1/cmr/m/n/7 tion 
 []


Overfull \hbox (8.72704pt too wide) in paragraph at lines 187--187
\T1/cmr/m/n/7 valid 
 []


Overfull \hbox (1.18721pt too wide) in paragraph at lines 187--187
\T1/cmr/m/n/7 af- 
 []


Overfull \hbox (1.83289pt too wide) in paragraph at lines 187--187
\T1/cmr/m/n/7 ter 
 []


Overfull \hbox (18.20389pt too wide) in paragraph at lines 187--187
\T1/cmr/m/n/7 vendor- 
 []


Overfull \hbox (17.28189pt too wide) in paragraph at lines 187--187
\T1/cmr/m/n/7 specific 
 []


Overfull \hbox (3.45055pt too wide) in paragraph at lines 187--187
\T1/cmr/m/n/7 off- 
 []


Overfull \hbox (7.30655pt too wide) in paragraph at lines 187--187
\T1/cmr/m/n/7 sets.|  
 []


Overfull \hbox (20.39224pt too wide) in paragraph at lines 187--187
[]|\T1/cmr/m/n/7 Position 
 []


Overfull \hbox (4.84604pt too wide) in paragraph at lines 187--187
\T1/cmr/m/n/7 and 
 []


Overfull \hbox (1.83289pt too wide) in paragraph at lines 187--187
\T1/cmr/m/n/7 ro- 
 []


Overfull \hbox (1.83289pt too wide) in paragraph at lines 187--187
\T1/cmr/m/n/7 ta- 
 []


Overfull \hbox (5.81802pt too wide) in paragraph at lines 187--187
\T1/cmr/m/n/7 tion 
 []


Overfull \hbox (8.72704pt too wide) in paragraph at lines 187--187
\T1/cmr/m/n/7 valid 
 []


Overfull \hbox (12.38586pt too wide) in paragraph at lines 187--187
\T1/cmr/m/n/7 where 
 []


Overfull \hbox (3.12424pt too wide) in paragraph at lines 187--187
\T1/cmr/m/n/7 the 
 []


Overfull \hbox (6.67892pt too wide) in paragraph at lines 187--187
\T1/cmr/m/n/7 run- 
 []


Overfull \hbox (7.53983pt too wide) in paragraph at lines 187--187
\T1/cmr/m/n/7 time 
 []


Overfull \hbox (2.47856pt too wide) in paragraph at lines 187--187
\T1/cmr/m/n/7 ex- 
 []


Overfull \hbox (10.53493pt too wide) in paragraph at lines 187--187
\T1/cmr/m/n/7 poses 
 []


Overfull \hbox (13.51198pt too wide) in paragraph at lines 187--187
\T1/cmr/m/n/7 joints.|  
 []


Overfull \hbox (37.13676pt too wide) in paragraph at lines 187--187
[]|\T1/cmr/m/n/7 Implemented 
 []


Overfull \hbox (21.9127pt too wide) in paragraph at lines 187--187
\T1/cmr/m/n/7 selected- 
 []


Overfull \hbox (13.83134pt too wide) in paragraph at lines 187--187
\T1/cmr/m/n/7 source 
 []


Overfull \hbox (2.47856pt too wide) in paragraph at lines 187--187
\T1/cmr/m/n/7 ev- 
 []


Overfull \hbox (13.7883pt too wide) in paragraph at lines 187--187
\T1/cmr/m/n/7 dence, 
 []


Overfull \hbox (3.55469pt too wide) in paragraph at lines 187--187
\T1/cmr/m/n/7 not 
 []


Overfull \hbox (1.40244pt too wide) in paragraph at lines 187--187
\T1/cmr/m/n/7 in- 
 []


Overfull \hbox (2.69379pt too wide) in paragraph at lines 187--187
\T1/cmr/m/n/7 de- 
 []


Overfull \hbox (7.3246pt too wide) in paragraph at lines 187--187
\T1/cmr/m/n/7 pen- 
 []


Overfull \hbox (13.7883pt too wide) in paragraph at lines 187--187
\T1/cmr/m/n/7 dently 
 []


Overfull \hbox (8.29659pt too wide) in paragraph at lines 187--187
\T1/cmr/m/n/7 eval- 
 []


Overfull \hbox (7.10938pt too wide) in paragraph at lines 187--187
\T1/cmr/m/n/7 ated 
 []


Overfull \hbox (11.35278pt too wide) in paragraph at lines 187--187
\T1/cmr/m/n/7 study 
 []


Overfull \hbox (6.67892pt too wide) in paragraph at lines 187--187
\T1/cmr/m/n/7 con- 
 []


Overfull \hbox (1.40244pt too wide) in paragraph at lines 187--187
\T1/cmr/m/n/7 di- 
 []


Overfull \hbox (8.08136pt too wide) in paragraph at lines 187--187
\T1/cmr/m/n/7 tion.|  
 []


Overfull \hbox (20.39224pt too wide) in paragraph at lines 187--187
[]|\T1/cmr/m/n/7 Position 
 []


Overfull \hbox (10.99037pt too wide) in paragraph at lines 187--187
\T1/cmr/m/n/7 valid; 
 []


Overfull \hbox (1.83289pt too wide) in paragraph at lines 187--187
\T1/cmr/m/n/7 ro- 
 []


Overfull \hbox (1.83289pt too wide) in paragraph at lines 187--187
\T1/cmr/m/n/7 ta- 
 []


Overfull \hbox (8.9853pt too wide) in paragraph at lines 187--187
\T1/cmr/m/n/7 tions 
 []


Overfull \hbox (2.69379pt too wide) in paragraph at lines 187--187
\T1/cmr/m/n/7 are 
 []


Overfull \hbox (3.12424pt too wide) in paragraph at lines 187--187
\T1/cmr/m/n/7 ab- 
 []


Overfull \hbox (6.0763pt too wide) in paragraph at lines 187--187
\T1/cmr/m/n/7 sent 
 []


Overfull \hbox (1.44548pt too wide) in paragraph at lines 187--187
\T1/cmr/m/n/7 es- 
 []


Overfull \hbox (13.67722pt too wide) in paragraph at lines 187--187
\T1/cmr/m/n/7 mated 
 []


Overfull \hbox (4.84604pt too wide) in paragraph at lines 187--187
\T1/cmr/m/n/7 and 
 []


Overfull \hbox (14.69225pt too wide) in paragraph at lines 187--187
\T1/cmr/m/n/7 should 
 []


Overfull \hbox (16.91254pt too wide) in paragraph at lines 187--187
\T1/cmr/m/n/7 treated 
 []


Overfull \hbox (6.67892pt too wide) in paragraph at lines 187--187
\T1/cmr/m/n/7 cau- 
 []


Overfull \hbox (17.06667pt too wide) in paragraph at lines 187--187
\T1/cmr/m/n/7 tiously.|  
 []


Overfull \hbox (27.61552pt too wide) in alignment at lines 187--187
[][][][][][] 
 []


LaTeX Warning: Float too large for page by 470.96115pt on input line 188.


Overfull \hbox (31.33786pt too wide) in paragraph at lines 203--203
[]|\T1/cmr/m/n/7 Remaining 
 []


Overfull \hbox (18.57848pt too wide) in paragraph at lines 203--203
\T1/cmr/m/n/7 source- 
 []


Overfull \hbox (19.33524pt too wide) in paragraph at lines 203--203
\T1/cmr/m/n/7 specific 
 []


Overfull \hbox (8.73227pt too wide) in paragraph at lines 203--203
\T1/cmr/m/n/7 con- 
 []


Overfull \hbox (8.73227pt too wide) in paragraph at lines 203--203
\T1/cmr/m/n/7 cern|  
 []


Overfull \hbox (18.83397pt too wide) in paragraph at lines 203--203
[]|\T1/cmr/m/n/7 Vendor 
 []


Overfull \hbox (11.5302pt too wide) in paragraph at lines 203--203
\T1/cmr/m/n/7 body 
 []


Overfull \hbox (3.45578pt too wide) in paragraph at lines 203--203
\T1/cmr/m/n/7 in- 
 []


Overfull \hbox (5.93434pt too wide) in paragraph at lines 203--203
\T1/cmr/m/n/7 fer- 
 []


Overfull \hbox (9.16272pt too wide) in paragraph at lines 203--203
\T1/cmr/m/n/7 ence 
 []


Overfull \hbox (11.64128pt too wide) in paragraph at lines 203--203
\T1/cmr/m/n/7 qual- 
 []


Overfull \hbox (3.45578pt too wide) in paragraph at lines 203--203
\T1/cmr/m/n/7 ity 
 []


Overfull \hbox (6.89938pt too wide) in paragraph at lines 203--203
\T1/cmr/m/n/7 and 
 []


Overfull \hbox (4.31668pt too wide) in paragraph at lines 203--203
\T1/cmr/m/n/7 co- 
 []


Overfull \hbox (3.88623pt too wide) in paragraph at lines 203--203
\T1/cmr/m/n/7 or- 
 []


Overfull \hbox (3.45578pt too wide) in paragraph at lines 203--203
\T1/cmr/m/n/7 di- 
 []


Overfull \hbox (9.16272pt too wide) in paragraph at lines 203--203
\T1/cmr/m/n/7 nate 
 []


Overfull \hbox (6.58002pt too wide) in paragraph at lines 203--203
\T1/cmr/m/n/7 cal- 
 []


Overfull \hbox (8.30182pt too wide) in paragraph at lines 203--203
\T1/cmr/m/n/7 bra- 
 []


Overfull \hbox (10.1347pt too wide) in paragraph at lines 203--203
\T1/cmr/m/n/7 tion.|  
 []


Overfull \hbox (18.83397pt too wide) in paragraph at lines 203--203
[]|\T1/cmr/m/n/7 Vendor 
 []


Overfull \hbox (14.00876pt too wide) in paragraph at lines 203--203
\T1/cmr/m/n/7 hand- 
 []


Overfull \hbox (10.1347pt too wide) in paragraph at lines 203--203
\T1/cmr/m/n/7 joint 
 []


Overfull \hbox (5.50389pt too wide) in paragraph at lines 203--203
\T1/cmr/m/n/7 off- 
 []


Overfull \hbox (7.09656pt too wide) in paragraph at lines 203--203
\T1/cmr/m/n/7 sets 
 []


Overfull \hbox (6.89938pt too wide) in paragraph at lines 203--203
\T1/cmr/m/n/7 and 
 []


Overfull \hbox (14.5503pt too wide) in paragraph at lines 203--203
\T1/cmr/m/n/7 track- 
 []


Overfull \hbox (4.74713pt too wide) in paragraph at lines 203--203
\T1/cmr/m/n/7 ing 
 []


Overfull \hbox (11.64128pt too wide) in paragraph at lines 203--203
\T1/cmr/m/n/7 qual- 
 []


Overfull \hbox (5.07344pt too wide) in paragraph at lines 203--203
\T1/cmr/m/n/7 ity.|  
 []


Overfull \hbox (16.57063pt too wide) in paragraph at lines 203--203
[]|\T1/cmr/m/n/7 Which 
 []


Overfull \hbox (15.49728pt too wide) in paragraph at lines 203--203
\T1/cmr/m/n/7 sparse 
 []


Overfull \hbox (9.79034pt too wide) in paragraph at lines 203--203
\T1/cmr/m/n/7 slots 
 []


Overfull \hbox (4.74713pt too wide) in paragraph at lines 203--203
\T1/cmr/m/n/7 are 
 []


Overfull \hbox (12.76045pt too wide) in paragraph at lines 203--203
\T1/cmr/m/n/7 phys- 
 []


Overfull \hbox (10.34993pt too wide) in paragraph at lines 203--203
\T1/cmr/m/n/7 cally 
 []


Overfull \hbox (5.17758pt too wide) in paragraph at lines 203--203
\T1/cmr/m/n/7 ob- 
 []


Overfull \hbox (18.14803pt too wide) in paragraph at lines 203--203
\T1/cmr/m/n/7 served.|  
 []


Overfull \hbox (24.77002pt too wide) in paragraph at lines 203--203
[]|\T1/cmr/m/n/7 Rotation 
 []


Overfull \hbox (8.73227pt too wide) in paragraph at lines 203--203
\T1/cmr/m/n/7 con- 
 []


Overfull \hbox (1.30353pt too wide) in paragraph at lines 203--203
\T1/cmr/m/n/7 fi- 
 []


Overfull \hbox (13.57831pt too wide) in paragraph at lines 203--203
\T1/cmr/m/n/7 dence 
 []


Overfull \hbox (5.60803pt too wide) in paragraph at lines 203--203
\T1/cmr/m/n/7 not 
 []


Overfull \hbox (7.87137pt too wide) in paragraph at lines 203--203
\T1/cmr/m/n/7 pre- 
 []


Overfull \hbox (15.88469pt too wide) in paragraph at lines 203--203
\T1/cmr/m/n/7 served 
 []


Overfull \hbox (1.23549pt too wide) in paragraph at lines 203--203
\T1/cmr/m/n/7 as 
 []


Overfull \hbox (8.73227pt too wide) in paragraph at lines 203--203
\T1/cmr/m/n/7 con- 
 []


Overfull \hbox (6.58002pt too wide) in paragraph at lines 203--203
\T1/cmr/m/n/7 tin- 
 []


Overfull \hbox (1.19244pt too wide) in paragraph at lines 203--203
\T1/cmr/m/n/7 u- 
 []


Overfull \hbox (5.65108pt too wide) in paragraph at lines 203--203
\T1/cmr/m/n/7 ous 
 []


Overfull \hbox (8.73227pt too wide) in paragraph at lines 203--203
\T1/cmr/m/n/7 con- 
 []


Overfull \hbox (1.30353pt too wide) in paragraph at lines 203--203
\T1/cmr/m/n/7 fi- 
 []


Overfull \hbox (13.57831pt too wide) in paragraph at lines 203--203
\T1/cmr/m/n/7 dence 
 []


Overfull \hbox (0.762pt too wide) in paragraph at lines 203--203
\T1/cmr/m/n/7 in 
 []


Overfull \hbox (5.17758pt too wide) in paragraph at lines 203--203
\T1/cmr/m/n/7 the 
 []


Overfull \hbox (7.87137pt too wide) in paragraph at lines 203--203
\T1/cmr/m/n/7 cur- 
 []


Overfull \hbox (8.0866pt too wide) in paragraph at lines 203--203
\T1/cmr/m/n/7 rent 
 []


Overfull \hbox (8.30182pt too wide) in paragraph at lines 203--203
\T1/cmr/m/n/7 pro- 
 []


Overfull \hbox (3.88623pt too wide) in paragraph at lines 203--203
\T1/cmr/m/n/7 to- 
 []


Overfull \hbox (11.64128pt too wide) in paragraph at lines 203--203
\T1/cmr/m/n/7 type.|  
 []


Overfull \hbox (21.11119pt too wide) in paragraph at lines 203--203
[]|\T1/cmr/m/n/7 Fidelity 
 []


Overfull \hbox (4.74713pt too wide) in paragraph at lines 203--203
\T1/cmr/m/n/7 de- 
 []


Overfull \hbox (14.26703pt too wide) in paragraph at lines 203--203
\T1/cmr/m/n/7 pends 
 []


Overfull \hbox (2.4838pt too wide) in paragraph at lines 203--203
\T1/cmr/m/n/7 on 
 []


Overfull \hbox (23.81192pt too wide) in paragraph at lines 203--203
\T1/cmr/m/n/7 recorded 
 []


Overfull \hbox (9.59317pt too wide) in paragraph at lines 203--203
\T1/cmr/m/n/7 data 
 []


Overfull \hbox (6.89938pt too wide) in paragraph at lines 203--203
\T1/cmr/m/n/7 and 
 []


Overfull \hbox (19.11307pt too wide) in paragraph at lines 203--203
\T1/cmr/m/n/7 schema 
 []


Overfull \hbox (14.98074pt too wide) in paragraph at lines 203--203
\T1/cmr/m/n/7 agree- 
 []


Overfull \hbox (13.79353pt too wide) in paragraph at lines 203--203
\T1/cmr/m/n/7 ment.|  
 []


LaTeX Warning: Float too large for page by 85.21158pt on input line 204.


LaTeX Warning: Reference `tab:adapters' on page 5 undefined on input line 206.


LaTeX Warning: Reference `tab:sdk-mapping' on page 5 undefined on input line 20
6.


LaTeX Warning: Reference `tab:same-consumer' on page 5 undefined on input line 
206.



[5 <./figures/fig2-kinematicbuffer.pdf>]

[6]
<figures/fig6-offload.pdf, id=55, 606.265pt x 524.96124pt>
File: figures/fig6-offload.pdf Graphic file (type pdf)
<use figures/fig6-offload.pdf>
Package pdftex.def Info: figures/fig6-offload.pdf  used on input line 238.
(pdftex.def)             Requested size: 319.35301pt x 276.52995pt.

LaTeX Warning: Reference `tab:latency-definition' on page 7 undefined on input 
line 243.


LaTeX Warning: Citation `aristidou2011fabrik' on page 7 undefined on input line
 260.


LaTeX Warning: Citation `starke2024categorical' on page 7 undefined on input li
ne 260.



[7]

[8 <./figures/fig6-offload.pdf>]
<figures/fig3-retarget.pdf, id=79, 963.6pt x 428.19975pt>
File: figures/fig3-retarget.pdf Graphic file (type pdf)
<use figures/fig3-retarget.pdf>
Package pdftex.def Info: figures/fig3-retarget.pdf  used on input line 279.
(pdftex.def)             Requested size: 319.35301pt x 141.90746pt.

LaTeX Warning: Reference `tab:contract' on page 9 undefined on input line 306.


LaTeX Warning: Reference `tab:contract-invariants' on page 9 undefined on input
 line 306.


LaTeX Warning: Reference `tab:adapters' on page 9 undefined on input line 306.


LaTeX Warning: Reference `tab:sdk-mapping' on page 9 undefined on input line 30
6.


LaTeX Warning: Reference `tab:same-consumer' on page 9 undefined on input line 
306.


LaTeX Warning: Reference `tab:orig-wrapper' on page 9 undefined on input line 3
06.



[9]
<figures/fig5-configure.pdf, id=84, 1294.5966pt x 298.716pt>
File: figures/fig5-configure.pdf Graphic file (type pdf)
<use figures/fig5-configure.pdf>
Package pdftex.def Info: figures/fig5-configure.pdf  used on input line 315.
(pdftex.def)             Requested size: 319.35301pt x 73.68515pt.

Underfull \vbox (badness 10000) has occurred while \output is active []



[10 <./figures/fig3-retarget.pdf>]
Underfull \vbox (badness 10000) has occurred while \output is active []



[11 <./figures/fig5-configure.pdf>]

LaTeX Warning: Reference `tab:user-results' on page 12 undefined on input line 
356.


LaTeX Warning: Reference `tab:latency-summary' on page 12 undefined on input li
ne 361.

<figures/latency/figures/tick_comparison_analysis.pdf, id=118, 1289.51071pt x 8
55.03694pt>
File: figures/latency/figures/tick_comparison_analysis.pdf Graphic file (type p
df)
<use figures/latency/figures/tick_comparison_analysis.pdf>
Package pdftex.def Info: figures/latency/figures/tick_comparison_analysis.pdf  
used on input line 365.
(pdftex.def)             Requested size: 333.24092pt x 220.96054pt.

Underfull \vbox (badness 5652) has occurred while \output is active []



[12]
Underfull \vbox (badness 10000) has occurred while \output is active []



[13 <./figures/latency/figures/tick_comparison_analysis.pdf>]

[14]
No file main.bbl.


[15]

[16]

[17]

[18] (./main.aux)
 ***********
LaTeX2e <2024-11-01> patch level 2
L3 programming layer <2025-01-18>
 ***********

LaTeX Warning: There were undefined references.


LaTeX Warning: Label(s) may have changed. Rerun to get cross-references right.

 ) 
Here is how much of TeX's memory you used:
 16108 strings out of 473197
 318598 string characters out of 5718606
 743402 words of memory out of 5000000
 39095 multiletter control sequences out of 15000+600000
 571067 words of font info for 62 fonts, out of 8000000 for 9000
 1141 hyphenation exceptions out of 8191
 84i,13n,87p,1676b,888s stack positions out of 10000i,1000n,20000p,200000b,200000s
</usr/share/texlive/texmf-dist/fonts/type1/public/amsfonts/cm/cmbx10.pfb></us
r/share/texlive/texmf-dist/fonts/type1/public/amsfonts/cm/cmmi10.pfb></usr/shar
e/texlive/texmf-dist/fonts/type1/public/amsfonts/cm/cmmi7.pfb></usr/share/texli
ve/texmf-dist/fonts/type1/public/amsfonts/cm/cmmi9.pfb></usr/share/texlive/texm
f-dist/fonts/type1/public/amsfonts/cm/cmr10.pfb></usr/share/texlive/texmf-dist/
fonts/type1/public/amsfonts/cm/cmr5.pfb></usr/share/texlive/texmf-dist/fonts/ty
pe1/public/amsfonts/cm/cmr7.pfb></usr/share/texlive/texmf-dist/fonts/type1/publ
ic/amsfonts/cm/cmr9.pfb></usr/share/texlive/texmf-dist/fonts/type1/public/amsfo
nts/cm/cmsy10.pfb></usr/share/texlive/texmf-dist/fonts/type1/public/amsfonts/cm
/cmsy7.pfb></usr/share/texlive/texmf-dist/fonts/type1/public/amsfonts/cm/cmsy9.
pfb></usr/share/texmf/fonts/type1/public/cm-super/sfbx0900.pfb></usr/share/texm
f/fonts/type1/public/cm-super/sfbx1000.pfb></usr/share/texmf/fonts/type1/public
/cm-super/sfbx1200.pfb></usr/share/texmf/fonts/type1/public/cm-super/sfbx1440.p
fb></usr/share/texmf/fonts/type1/public/cm-super/sfrm0700.pfb></usr/share/texmf
/fonts/type1/public/cm-super/sfrm0900.pfb></usr/share/texmf/fonts/type1/public/
cm-super/sfrm1000.pfb></usr/share/texmf/fonts/type1/public/cm-super/sfti1000.pf
b>
Output written on main.pdf (18 pages, 1107573 bytes).
PDF statistics:
 275 PDF objects out of 1000 (max. 8388607)
 151 compressed objects within 2 object streams
 0 named destinations out of 1000 (max. 500000)
 38 words of extra memory for PDF output out of 10000 (max. 10000000)

